src/pages/it-manager-dashboard.tsx(2,58): error TS2307: Cannot find module '@/components/ui/card' or its corresponding type declarations.
src/pages/it-manager-dashboard.tsx(6,79): error TS2307: Cannot find module '@/components/ui/table' or its corresponding type declarations.
src/pages/it-manager-dashboard.tsx(7,79): error TS2307: Cannot find module '@/components/ui/select' or its corresponding type declarations.
src/pages/it-manager-dashboard.tsx(8,23): error TS2307: Cannot find module '@/components/ui/input' or its corresponding type declarations.
src/pages/it-manager-dashboard.tsx(9,93): error TS2307: Cannot find module '@/components/ui/dialog' or its corresponding type declarations.
src/pages/it-manager-dashboard.tsx(10,20): error TS2307: Cannot find module '@/lib/utils' or its corresponding type declarations.
../node_modules/recharts/types/cartesian/Area.d.ts(4,8): error TS1259: Module '"c:/WebExcelsDRM/node_modules/@types/react/index"' can only be default-imported using the 'esModuleInterop' flag
../node_modules/recharts/types/cartesian/Bar.d.ts(4,8): error TS1259: Module '"c:/WebExcelsDRM/node_modules/@types/react/index"' can only be default-imported using the 'esModuleInterop' flag
../node_modules/recharts/types/cartesian/Brush.d.ts(4,8): error TS1259: Module '"c:/WebExcelsDRM/node_modules/@types/react/index"' can only be default-imported using the 'esModuleInterop' flag
../node_modules/recharts/types/cartesian/CartesianAxis.d.ts(4,8): error TS1259: Module '"c:/WebExcelsDRM/node_modules/@types/react/index"' can only be default-imported using the 'esModuleInterop' flag
../node_modules/recharts/types/cartesian/CartesianGrid.d.ts(4,8): error TS1259: Module '"c:/WebExcelsDRM/node_modules/@types/react/index"' can only be default-imported using the 'esModuleInterop' flag
../node_modules/recharts/types/cartesian/ErrorBar.d.ts(4,8): error TS1259: Module '"c:/WebExcelsDRM/node_modules/@types/react/index"' can only be default-imported using the 'esModuleInterop' flag
../node_modules/recharts/types/cartesian/Line.d.ts(4,8): error TS1259: Module '"c:/WebExcelsDRM/node_modules/@types/react/index"' can only be default-imported using the 'esModuleInterop' flag
../node_modules/recharts/types/cartesian/ReferenceArea.d.ts(4,8): error TS1259: Module '"c:/WebExcelsDRM/node_modules/@types/react/index"' can only be default-imported using the 'esModuleInterop' flag
../node_modules/recharts/types/cartesian/ReferenceDot.d.ts(4,8): error TS1259: Module '"c:/WebExcelsDRM/node_modules/@types/react/index"' can only be default-imported using the 'esModuleInterop' flag
../node_modules/recharts/types/cartesian/ReferenceLine.d.ts(4,8): error TS1259: Module '"c:/WebExcelsDRM/node_modules/@types/react/index"' can only be default-imported using the 'esModuleInterop' flag
../node_modules/recharts/types/cartesian/Scatter.d.ts(4,8): error TS1259: Module '"c:/WebExcelsDRM/node_modules/@types/react/index"' can only be default-imported using the 'esModuleInterop' flag
../node_modules/recharts/types/cartesian/XAxis.d.ts(4,8): error TS1259: Module '"c:/WebExcelsDRM/node_modules/@types/react/index"' can only be default-imported using the 'esModuleInterop' flag
../node_modules/recharts/types/cartesian/YAxis.d.ts(4,8): error TS1259: Module '"c:/WebExcelsDRM/node_modules/@types/react/index"' can only be default-imported using the 'esModuleInterop' flag
../node_modules/recharts/types/cartesian/ZAxis.d.ts(4,8): error TS1259: Module '"c:/WebExcelsDRM/node_modules/@types/react/index"' can only be default-imported using the 'esModuleInterop' flag
../node_modules/recharts/types/chart/generateCategoricalChart.d.ts(1,8): error TS1259: Module '"c:/WebExcelsDRM/node_modules/@types/react/index"' can only be default-imported using the 'esModuleInterop' flag
../node_modules/recharts/types/chart/Sankey.d.ts(4,8): error TS1259: Module '"c:/WebExcelsDRM/node_modules/@types/react/index"' can only be default-imported using the 'esModuleInterop' flag
../node_modules/recharts/types/chart/SunburstChart.d.ts(1,8): error TS1259: Module '"c:/WebExcelsDRM/node_modules/@types/react/index"' can only be default-imported using the 'esModuleInterop' flag
../node_modules/recharts/types/chart/Treemap.d.ts(4,8): error TS1259: Module '"c:/WebExcelsDRM/node_modules/@types/react/index"' can only be default-imported using the 'esModuleInterop' flag
../node_modules/recharts/types/component/Customized.d.ts(4,8): error TS1259: Module '"c:/WebExcelsDRM/node_modules/@types/react/index"' can only be default-imported using the 'esModuleInterop' flag
../node_modules/recharts/types/component/DefaultLegendContent.d.ts(4,8): error TS1259: Module '"c:/WebExcelsDRM/node_modules/@types/react/index"' can only be default-imported using the 'esModuleInterop' flag
../node_modules/recharts/types/component/DefaultTooltipContent.d.ts(4,8): error TS1259: Module '"c:/WebExcelsDRM/node_modules/@types/react/index"' can only be default-imported using the 'esModuleInterop' flag
../node_modules/recharts/types/component/Label.d.ts(1,8): error TS1259: Module '"c:/WebExcelsDRM/node_modules/@types/react/index"' can only be default-imported using the 'esModuleInterop' flag
../node_modules/recharts/types/component/LabelList.d.ts(1,8): error TS1259: Module '"c:/WebExcelsDRM/node_modules/@types/react/index"' can only be default-imported using the 'esModuleInterop' flag
../node_modules/recharts/types/component/Legend.d.ts(4,8): error TS1259: Module '"c:/WebExcelsDRM/node_modules/@types/react/index"' can only be default-imported using the 'esModuleInterop' flag
../node_modules/recharts/types/component/ResponsiveContainer.d.ts(1,8): error TS1259: Module '"c:/WebExcelsDRM/node_modules/@types/react/index"' can only be default-imported using the 'esModuleInterop' flag
../node_modules/recharts/types/component/Text.d.ts(1,8): error TS1259: Module '"c:/WebExcelsDRM/node_modules/@types/react/index"' can only be default-imported using the 'esModuleInterop' flag
../node_modules/recharts/types/component/Tooltip.d.ts(4,8): error TS1259: Module '"c:/WebExcelsDRM/node_modules/@types/react/index"' can only be default-imported using the 'esModuleInterop' flag
../node_modules/recharts/types/container/Layer.d.ts(1,8): error TS1259: Module '"c:/WebExcelsDRM/node_modules/@types/react/index"' can only be default-imported using the 'esModuleInterop' flag
../node_modules/recharts/types/container/Surface.d.ts(4,8): error TS1259: Module '"c:/WebExcelsDRM/node_modules/@types/react/index"' can only be default-imported using the 'esModuleInterop' flag
../node_modules/recharts/types/numberAxis/Funnel.d.ts(4,8): error TS1259: Module '"c:/WebExcelsDRM/node_modules/@types/react/index"' can only be default-imported using the 'esModuleInterop' flag
../node_modules/recharts/types/polar/Pie.d.ts(4,8): error TS1259: Module '"c:/WebExcelsDRM/node_modules/@types/react/index"' can only be default-imported using the 'esModuleInterop' flag
../node_modules/recharts/types/polar/PolarAngleAxis.d.ts(4,8): error TS1259: Module '"c:/WebExcelsDRM/node_modules/@types/react/index"' can only be default-imported using the 'esModuleInterop' flag
../node_modules/recharts/types/polar/PolarGrid.d.ts(4,8): error TS1259: Module '"c:/WebExcelsDRM/node_modules/@types/react/index"' can only be default-imported using the 'esModuleInterop' flag
../node_modules/recharts/types/polar/PolarRadiusAxis.d.ts(4,8): error TS1259: Module '"c:/WebExcelsDRM/node_modules/@types/react/index"' can only be default-imported using the 'esModuleInterop' flag
../node_modules/recharts/types/polar/Radar.d.ts(4,8): error TS1259: Module '"c:/WebExcelsDRM/node_modules/@types/react/index"' can only be default-imported using the 'esModuleInterop' flag
../node_modules/recharts/types/polar/RadialBar.d.ts(4,8): error TS1259: Module '"c:/WebExcelsDRM/node_modules/@types/react/index"' can only be default-imported using the 'esModuleInterop' flag
../node_modules/recharts/types/shape/Cross.d.ts(4,8): error TS1259: Module '"c:/WebExcelsDRM/node_modules/@types/react/index"' can only be default-imported using the 'esModuleInterop' flag
../node_modules/recharts/types/shape/Curve.d.ts(4,8): error TS1259: Module '"c:/WebExcelsDRM/node_modules/@types/react/index"' can only be default-imported using the 'esModuleInterop' flag
../node_modules/recharts/types/shape/Dot.d.ts(4,8): error TS1259: Module '"c:/WebExcelsDRM/node_modules/@types/react/index"' can only be default-imported using the 'esModuleInterop' flag
../node_modules/recharts/types/shape/Polygon.d.ts(4,8): error TS1259: Module '"c:/WebExcelsDRM/node_modules/@types/react/index"' can only be default-imported using the 'esModuleInterop' flag
../node_modules/recharts/types/shape/Rectangle.d.ts(4,8): error TS1259: Module '"c:/WebExcelsDRM/node_modules/@types/react/index"' can only be default-imported using the 'esModuleInterop' flag
../node_modules/recharts/types/shape/Sector.d.ts(4,8): error TS1259: Module '"c:/WebExcelsDRM/node_modules/@types/react/index"' can only be default-imported using the 'esModuleInterop' flag
../node_modules/recharts/types/shape/Symbols.d.ts(4,8): error TS1259: Module '"c:/WebExcelsDRM/node_modules/@types/react/index"' can only be default-imported using the 'esModuleInterop' flag
../node_modules/recharts/types/shape/Trapezoid.d.ts(4,8): error TS1259: Module '"c:/WebExcelsDRM/node_modules/@types/react/index"' can only be default-imported using the 'esModuleInterop' flag
../node_modules/recharts/types/util/BarUtils.d.ts(1,8): error TS1259: Module '"c:/WebExcelsDRM/node_modules/@types/react/index"' can only be default-imported using the 'esModuleInterop' flag
