client/src/pages/product-posting-dashboard.tsx(534,67): error TS7006: Parameter 'row' implicitly has an 'any' type.
client/src/pages/product-posting-dashboard.tsx(669,74): error TS7006: Parameter 'proj' implicitly has an 'any' type.
client/src/pages/product-posting-dashboard.tsx(669,80): error TS7006: Parameter 'idx' implicitly has an 'any' type.
client/src/pages/product-posting-dashboard.tsx(810,62): error TS2339: Property 'highlight' does not exist on type '{ label: string; icon: ForwardRefExoticComponent<Omit<LucideProps, "ref"> & RefAttributes<SVGSVGElement>>; href: string; highlight?: undefined; } | { ...; } | { ...; }'.
  Property 'highlight' does not exist on type '{ label: string; icon: ForwardRefExoticComponent<Omit<LucideProps, "ref"> & RefAttributes<SVGSVGElement>>; href: string; }'.
client/src/pages/product-posting-dashboard.tsx(815,111): error TS2339: Property 'highlight' does not exist on type '{ label: string; icon: ForwardRefExoticComponent<Omit<LucideProps, "ref"> & RefAttributes<SVGSVGElement>>; href: string; highlight?: undefined; } | { ...; } | { ...; }'.
  Property 'highlight' does not exist on type '{ label: string; icon: ForwardRefExoticComponent<Omit<LucideProps, "ref"> & RefAttributes<SVGSVGElement>>; href: string; }'.
client/src/pages/product-posting-dashboard.tsx(859,62): error TS2339: Property 'highlight' does not exist on type '{ label: string; icon: ForwardRefExoticComponent<Omit<LucideProps, "ref"> & RefAttributes<SVGSVGElement>>; href: string; highlight?: undefined; } | { ...; } | { ...; }'.
  Property 'highlight' does not exist on type '{ label: string; icon: ForwardRefExoticComponent<Omit<LucideProps, "ref"> & RefAttributes<SVGSVGElement>>; href: string; }'.
client/src/pages/product-posting-dashboard.tsx(864,111): error TS2339: Property 'highlight' does not exist on type '{ label: string; icon: ForwardRefExoticComponent<Omit<LucideProps, "ref"> & RefAttributes<SVGSVGElement>>; href: string; highlight?: undefined; } | { ...; } | { ...; }'.
  Property 'highlight' does not exist on type '{ label: string; icon: ForwardRefExoticComponent<Omit<LucideProps, "ref"> & RefAttributes<SVGSVGElement>>; href: string; }'.
client/src/pages/product-posting-dashboard.tsx(944,70): error TS7006: Parameter 'row' implicitly has an 'any' type.
client/src/pages/product-posting-dashboard.tsx(944,75): error TS7006: Parameter 'idx' implicitly has an 'any' type.
server/crm-routes.ts(528,17): error TS2552: Cannot find name 'gmPoolEntries'. Did you mean 'gmEntries'?
server/crm-routes.ts(529,17): error TS2552: Cannot find name 'gmPoolEntries'. Did you mean 'gmEntries'?
server/crm-routes.ts(530,17): error TS2552: Cannot find name 'gmPoolEntries'. Did you mean 'gmEntries'?
server/crm-routes.ts(534,36): error TS2552: Cannot find name 'gmPoolEntries'. Did you mean 'gmEntries'?
server/crm-routes.ts(535,55): error TS2552: Cannot find name 'gmPoolEntries'. Did you mean 'gmEntries'?
server/crm-routes.ts(536,62): error TS2552: Cannot find name 'gmPoolEntries'. Did you mean 'gmEntries'?
server/crm-routes.ts(537,35): error TS2552: Cannot find name 'gmPoolEntries'. Did you mean 'gmEntries'?
server/crm-routes.ts(538,33): error TS2552: Cannot find name 'gmPoolEntries'. Did you mean 'gmEntries'?
server/crm-routes.ts(543,61): error TS2552: Cannot find name 'gmPoolEntries'. Did you mean 'gmEntries'?
server/crm-routes.ts(545,13): error TS2552: Cannot find name 'gmPoolEntries'. Did you mean 'gmEntries'?
server/crm-routes.ts(546,19): error TS2304: Cannot find name 'gmPoolEntries'.
server/crm-routes.ts(547,18): error TS2304: Cannot find name 'gmPoolEntries'.
server/crm-routes.ts(548,21): error TS2304: Cannot find name 'gmPoolEntries'.
server/crm-routes.ts(549,24): error TS2304: Cannot find name 'gmPoolEntries'.
server/crm-routes.ts(550,18): error TS2304: Cannot find name 'gmPoolEntries'.
server/crm-routes.ts(551,21): error TS2304: Cannot find name 'gmPoolEntries'.
server/crm-routes.ts(552,19): error TS2304: Cannot find name 'gmPoolEntries'.
server/crm-routes.ts(553,17): error TS2304: Cannot find name 'gmPoolEntries'.
server/crm-routes.ts(554,22): error TS2304: Cannot find name 'gmPoolEntries'.
server/crm-routes.ts(555,29): error TS2304: Cannot find name 'gmPoolEntries'.
server/crm-routes.ts(556,20): error TS2304: Cannot find name 'gmPoolEntries'.
server/crm-routes.ts(560,15): error TS2304: Cannot find name 'gmPoolEntries'.
server/crm-routes.ts(561,33): error TS2304: Cannot find name 'gmPoolEntries'.
server/crm-routes.ts(562,29): error TS2304: Cannot find name 'gmPoolEntries'.
server/crm-routes.ts(564,23): error TS2304: Cannot find name 'gmPoolEntries'.
server/manager-routes.ts(15,10): error TS2367: This comparison appears to be unintentional because the types 'RoleKey' and '"manager"' have no overlap.
server/migrations/create-related-customers.ts(1,22): error TS2307: Cannot find module './db' or its corresponding type declarations.
server/migrations/update-related-customers.ts(1,22): error TS2307: Cannot find module './db' or its corresponding type declarations.
server/reports-routes.ts(339,7): error TS2322: Type 'string | null' is not assignable to type 'string'.
  Type 'null' is not assignable to type 'string'.
server/reports-routes.ts(426,3): error TS2741: Property 'meta' is missing in type '{ type: "vas"; dateRange: { from: string; to: string; }; metrics: { totalTasks: number; valueOfServiceSold: number; successRate: number; followUpsCompleted: number; missedLeads: number; }; chartData: { ...; }[]; details: { ...; }[]; totals: { ...; }; }' but required in type 'ReportData'.
server/repositories/allowed-ips.repository.ts(11,60): error TS2769: No overload matches this call.
  Overload 1 of 2, '(value: { ip_cidr: string | SQL<unknown> | Placeholder<string, any>; id?: string | SQL<unknown> | Placeholder<string, any> | undefined; is_active?: boolean | SQL<...> | Placeholder<...> | undefined; created_at?: SQL<...> | ... 2 more ... | undefined; updated_at?: SQL<...> | ... 2 more ... | undefined; description?: string | ... 3 more ... | undefined; }): PgInsertBase<...>', gave the following error.
    Argument of type '{}' is not assignable to parameter of type '{ ip_cidr: string | SQL<unknown> | Placeholder<string, any>; id?: string | SQL<unknown> | Placeholder<string, any> | undefined; is_active?: boolean | SQL<...> | Placeholder<...> | undefined; created_at?: SQL<...> | ... 2 more ... | undefined; updated_at?: SQL<...> | ... 2 more ... | undefined; description?: string |...'.
      Property 'ip_cidr' is missing in type '{}' but required in type '{ ip_cidr: string | SQL<unknown> | Placeholder<string, any>; id?: string | SQL<unknown> | Placeholder<string, any> | undefined; is_active?: boolean | SQL<...> | Placeholder<...> | undefined; created_at?: SQL<...> | ... 2 more ... | undefined; updated_at?: SQL<...> | ... 2 more ... | undefined; description?: string |...'.
  Overload 2 of 2, '(values: { ip_cidr: string | SQL<unknown> | Placeholder<string, any>; id?: string | SQL<unknown> | Placeholder<string, any> | undefined; is_active?: boolean | SQL<...> | Placeholder<...> | undefined; created_at?: SQL<...> | ... 2 more ... | undefined; updated_at?: SQL<...> | ... 2 more ... | undefined; description?: string | ... 3 more ... | undefined; }[]): PgInsertBase<...>', gave the following error.
    Argument of type '{}' is not assignable to parameter of type '{ ip_cidr: string | SQL<unknown> | Placeholder<string, any>; id?: string | SQL<unknown> | Placeholder<string, any> | undefined; is_active?: boolean | SQL<...> | Placeholder<...> | undefined; created_at?: SQL<...> | ... 2 more ... | undefined; updated_at?: SQL<...> | ... 2 more ... | undefined; description?: string |...'.
      Type '{}' is missing the following properties from type '{ ip_cidr: string | SQL<unknown> | Placeholder<string, any>; id?: string | SQL<unknown> | Placeholder<string, any> | undefined; is_active?: boolean | SQL<...> | Placeholder<...> | undefined; created_at?: SQL<...> | ... 2 more ... | undefined; updated_at?: SQL<...> | ... 2 more ... | undefined; description?: string |...': length, pop, push, concat, and 35 more.
server/repositories/call-sessions.repository.ts(59,8): error TS2769: No overload matches this call.
  Overload 1 of 2, '(value: { status: string | SQL<unknown> | Placeholder<string, any>; userId: string | SQL<unknown> | Placeholder<string, any>; reservationType: string | SQL<...> | Placeholder<...>; ... 10 more ...; providerCallId?: string | ... 3 more ... | undefined; }): PgInsertBase<...>', gave the following error.
    Object literal may only specify known properties, and 'leadId' does not exist in type '{ status: string | SQL<unknown> | Placeholder<string, any>; userId: string | SQL<unknown> | Placeholder<string, any>; reservationType: string | SQL<unknown> | Placeholder<...>; ... 10 more ...; providerCallId?: string | ... 3 more ... | undefined; }'.
  Overload 2 of 2, '(values: { status: string | SQL<unknown> | Placeholder<string, any>; userId: string | SQL<unknown> | Placeholder<string, any>; reservationType: string | SQL<...> | Placeholder<...>; ... 10 more ...; providerCallId?: string | ... 3 more ... | undefined; }[]): PgInsertBase<...>', gave the following error.
    Object literal may only specify known properties, and 'userId' does not exist in type '{ status: string | SQL<unknown> | Placeholder<string, any>; userId: string | SQL<unknown> | Placeholder<string, any>; reservationType: string | SQL<unknown> | Placeholder<...>; ... 10 more ...; providerCallId?: string | ... 3 more ... | undefined; }[]'.
server/repositories/call-sessions.repository.ts(102,14): error TS2352: Conversion of type '{ id: any; userId: any; customerId: any; leadId: any; followupId: any; reservationType: any; direction: any; status: any; startedAt: Date; endedAt: Date; durationSeconds: any; provider: any; providerCallId: any; createdAt: Date; }' to type '{ id: string; createdAt: Date; status: string; userId: string; customerId: string | null; assignedTo: string | null; reservationType: string; followupId: string | null; direction: string; ... 4 more ...; providerCallId: string | null; }' may be a mistake because neither type sufficiently overlaps with the other. If this was intentional, convert the expression to 'unknown' first.
  Property 'assignedTo' is missing in type '{ id: any; userId: any; customerId: any; leadId: any; followupId: any; reservationType: any; direction: any; status: any; startedAt: Date; endedAt: Date; durationSeconds: any; provider: any; providerCallId: any; createdAt: Date; }' but required in type '{ id: string; createdAt: Date; status: string; userId: string; customerId: string | null; assignedTo: string | null; reservationType: string; followupId: string | null; direction: string; ... 4 more ...; providerCallId: string | null; }'.
server/repositories/customers.repository.ts(333,13): error TS2322: Type '{ id: any; drmId: any; companyName: any; accountName: any; email: any; phone: any; region: any; grade: any; status: any; ntn: any; lastNote: any; country: any; city: any; address: any; crmId: any; crmDate: any; ... 20 more ...; opportunity: { ...; } | undefined; }[]' is not assignable to type 'CustomerWithOpportunity[]'.
  Type '{ id: any; drmId: any; companyName: any; accountName: any; email: any; phone: any; region: any; grade: any; status: any; ntn: any; lastNote: any; country: any; city: any; address: any; crmId: any; crmDate: any; ... 20 more ...; opportunity: { ...; } | undefined; }' is not assignable to type 'CustomerWithOpportunity'.
    Type '{ id: any; drmId: any; companyName: any; accountName: any; email: any; phone: any; region: any; grade: any; status: any; ntn: any; lastNote: any; country: any; city: any; address: any; crmId: any; crmDate: any; ... 20 more ...; opportunity: { ...; } | undefined; }' is missing the following properties from type '{ mobile: string | null; email: string; phone: string; id: string; country: string | null; designation: string | null; createdAt: Date; expiresAt: Date | null; companyName: string; ... 29 more ...; updatedAt: Date; }': createdBy, abType, phoneNormalized
server/repositories/policies.repository.ts(7,55): error TS2769: No overload matches this call.
  Overload 1 of 2, '(value: { key: string | SQL<unknown> | Placeholder<string, any>; value_json: unknown; id?: string | SQL<unknown> | Placeholder<string, any> | undefined; created_at?: SQL<...> | ... 2 more ... | undefined; updated_at?: SQL<...> | ... 2 more ... | undefined; description?: string | ... 3 more ... | undefined; }): PgInsertBase<...>', gave the following error.
    Argument of type '{}' is not assignable to parameter of type '{ key: string | SQL<unknown> | Placeholder<string, any>; value_json: unknown; id?: string | SQL<unknown> | Placeholder<string, any> | undefined; created_at?: SQL<unknown> | Date | Placeholder<...> | undefined; updated_at?: SQL<...> | ... 2 more ... | undefined; description?: string | ... 3 more ... | undefined; }'.
      Type '{}' is missing the following properties from type '{ key: string | SQL<unknown> | Placeholder<string, any>; value_json: unknown; id?: string | SQL<unknown> | Placeholder<string, any> | undefined; created_at?: SQL<unknown> | Date | Placeholder<...> | undefined; updated_at?: SQL<...> | ... 2 more ... | undefined; description?: string | ... 3 more ... | undefined; }': key, value_json
  Overload 2 of 2, '(values: { key: string | SQL<unknown> | Placeholder<string, any>; value_json: unknown; id?: string | SQL<unknown> | Placeholder<string, any> | undefined; created_at?: SQL<...> | ... 2 more ... | undefined; updated_at?: SQL<...> | ... 2 more ... | undefined; description?: string | ... 3 more ... | undefined; }[]): PgInsertBase<...>', gave the following error.
    Argument of type '{}' is not assignable to parameter of type '{ key: string | SQL<unknown> | Placeholder<string, any>; value_json: unknown; id?: string | SQL<unknown> | Placeholder<string, any> | undefined; created_at?: SQL<unknown> | Date | Placeholder<...> | undefined; updated_at?: SQL<...> | ... 2 more ... | undefined; description?: string | ... 3 more ... | undefined; }[]'.
      Type '{}' is missing the following properties from type '{ key: string | SQL<unknown> | Placeholder<string, any>; value_json: unknown; id?: string | SQL<unknown> | Placeholder<string, any> | undefined; created_at?: SQL<unknown> | Date | Placeholder<...> | undefined; updated_at?: SQL<...> | ... 2 more ... | undefined; description?: string | ... 3 more ... | undefined; }[]': length, pop, push, concat, and 35 more.
server/repositories/policies.repository.ts(28,23): error TS2561: Object literal may only specify known properties, but 'updatedAt' does not exist in type '{ key?: string | SQL<unknown> | PgColumn<ColumnBaseConfig<ColumnDataType, string>, {}, {}> | undefined; value_json?: unknown; id?: string | SQL<...> | PgColumn<...> | undefined; created_at?: SQL<...> | ... 2 more ... | undefined; updated_at?: SQL<...> | ... 2 more ... | undefined; description?: string | ... 3 more ....'. Did you mean to write 'updated_at'?
server/repositories/project-approvals.repository.ts(92,5): error TS2322: Type '{ project: { id: string; invoiceId: string | null; name: string; description: string | null; ownerUserId: string; workSpace: string | null; status: "Completed" | "Active" | "OnHold" | "READY_FOR_QA" | "IN_EXECUTION"; ... 4 more ...; updatedAt: Date; }; ... 9 more ...; approver: { ...; } | null; }[]' is not assignable to type '({ id: string; createdAt: Date; status: "Pending" | "Approved" | "Rejected"; updatedAt: Date; stage: string; projectId: string; approverUserId: string | null; approvedAt: Date | null; rejectionReason: string | null; } & { ...; })[]'.
  Type '{ project: { id: string; invoiceId: string | null; name: string; description: string | null; ownerUserId: string; workSpace: string | null; status: "Completed" | "Active" | "OnHold" | "READY_FOR_QA" | "IN_EXECUTION"; ... 4 more ...; updatedAt: Date; }; ... 9 more ...; approver: { ...; } | null; }' is not assignable to type '{ id: string; createdAt: Date; status: "Pending" | "Approved" | "Rejected"; updatedAt: Date; stage: string; projectId: string; approverUserId: string | null; approvedAt: Date | null; rejectionReason: string | null; } & { ...; }'.
    Type '{ project: { id: string; invoiceId: string | null; name: string; description: string | null; ownerUserId: string; workSpace: string | null; status: "Completed" | "Active" | "OnHold" | "READY_FOR_QA" | "IN_EXECUTION"; ... 4 more ...; updatedAt: Date; }; ... 9 more ...; approver: { ...; } | null; }' is not assignable to type '{ project: { id: string; name: string; createdAt: Date; status: "Completed" | "Active" | "OnHold" | "READY_FOR_QA" | "IN_EXECUTION"; ownerUserId: string; updatedAt: Date; notes: string | null; ... 4 more ...; endDate: Date | null; }; approver: { ...; } | null; }'.
      Types of property 'approver' are incompatible.
        Type '{ id: string; name: string | null; } | null' is not assignable to type '{ id: string; name: string; } | null'.
          Type '{ id: string; name: string | null; }' is not assignable to type '{ id: string; name: string; }'.
            Types of property 'name' are incompatible.
              Type 'string | null' is not assignable to type 'string'.
                Type 'null' is not assignable to type 'string'.
server/repositories/project-assignments.repository.ts(32,5): error TS2322: Type '{ id: string; projectId: string; userId: string; role: string; assignedAt: Date; createdAt: Date; user: { id: string; name: string | null; email: string; roleId: string | null; }; }[]' is not assignable to type '({ id: string; role: string; createdAt: Date; userId: string; projectId: string; assignedAt: Date; } & { user: { id: string; name: string; email: string; roleId: string; }; })[]'.
  Type '{ id: string; projectId: string; userId: string; role: string; assignedAt: Date; createdAt: Date; user: { id: string; name: string | null; email: string; roleId: string | null; }; }' is not assignable to type '{ id: string; role: string; createdAt: Date; userId: string; projectId: string; assignedAt: Date; } & { user: { id: string; name: string; email: string; roleId: string; }; }'.
    Type '{ id: string; projectId: string; userId: string; role: string; assignedAt: Date; createdAt: Date; user: { id: string; name: string | null; email: string; roleId: string | null; }; }' is not assignable to type '{ user: { id: string; name: string; email: string; roleId: string; }; }'.
      The types of 'user.name' are incompatible between these types.
        Type 'string | null' is not assignable to type 'string'.
          Type 'null' is not assignable to type 'string'.
server/repositories/project-assignments.repository.ts(111,35): error TS2345: Argument of type '{ assignedAt: string | null; id: string; projectId: string; userId: string; role: string; user: { id: string; name: string | null; email: string; roleId: string | null; }; }' is not assignable to parameter of type '{ id: string; projectId: string; userId: string; role: string; assignedAt: string | null; user: { id: string; name: string; email: string; roleId: string; }; }'.
  The types of 'user.name' are incompatible between these types.
    Type 'string | null' is not assignable to type 'string'.
      Type 'null' is not assignable to type 'string'.
server/repositories/project-payments.repository.ts(33,5): error TS2322: Type '{ id: string; projectId: string; amount: string; paymentMethod: "Cash" | "BankTransfer" | "CreditCard" | "Cheque" | "Online"; reference: string | null; notes: string | null; paidByUserId: string | null; paidAt: Date; createdAt: Date; paidBy: { ...; } | null; }[]' is not assignable to type '({ id: string; createdAt: Date; amount: string; notes: string | null; paidAt: Date; projectId: string; paymentMethod: "Cash" | "BankTransfer" | "CreditCard" | "Cheque" | "Online"; reference: string | null; paidByUserId: string | null; } & { ...; })[]'.
  Type '{ id: string; projectId: string; amount: string; paymentMethod: "Cash" | "BankTransfer" | "CreditCard" | "Cheque" | "Online"; reference: string | null; notes: string | null; paidByUserId: string | null; paidAt: Date; createdAt: Date; paidBy: { ...; } | null; }' is not assignable to type '{ id: string; createdAt: Date; amount: string; notes: string | null; paidAt: Date; projectId: string; paymentMethod: "Cash" | "BankTransfer" | "CreditCard" | "Cheque" | "Online"; reference: string | null; paidByUserId: string | null; } & { ...; }'.
    Type '{ id: string; projectId: string; amount: string; paymentMethod: "Cash" | "BankTransfer" | "CreditCard" | "Cheque" | "Online"; reference: string | null; notes: string | null; paidByUserId: string | null; paidAt: Date; createdAt: Date; paidBy: { ...; } | null; }' is not assignable to type '{ paidBy: { id: string; name: string; } | null; }'.
      Types of property 'paidBy' are incompatible.
        Type '{ id: string; name: string | null; } | null' is not assignable to type '{ id: string; name: string; } | null'.
          Type '{ id: string; name: string | null; }' is not assignable to type '{ id: string; name: string; }'.
            Types of property 'name' are incompatible.
              Type 'string | null' is not assignable to type 'string'.
                Type 'null' is not assignable to type 'string'.
server/repositories/roles.repository.ts(7,50): error TS2769: No overload matches this call.
  Overload 1 of 2, '(value: { name: string | SQL<unknown> | Placeholder<string, any>; id?: string | SQL<unknown> | Placeholder<string, any> | undefined; created_at?: SQL<unknown> | Date | Placeholder<...> | undefined; updated_at?: SQL<...> | ... 2 more ... | undefined; description?: string | ... 3 more ... | undefined; }): PgInsertBase<...>', gave the following error.
    Argument of type '{}' is not assignable to parameter of type '{ name: string | SQL<unknown> | Placeholder<string, any>; id?: string | SQL<unknown> | Placeholder<string, any> | undefined; created_at?: SQL<unknown> | Date | Placeholder<...> | undefined; updated_at?: SQL<...> | ... 2 more ... | undefined; description?: string | ... 3 more ... | undefined; }'.
      Property 'name' is missing in type '{}' but required in type '{ name: string | SQL<unknown> | Placeholder<string, any>; id?: string | SQL<unknown> | Placeholder<string, any> | undefined; created_at?: SQL<unknown> | Date | Placeholder<...> | undefined; updated_at?: SQL<...> | ... 2 more ... | undefined; description?: string | ... 3 more ... | undefined; }'.
  Overload 2 of 2, '(values: { name: string | SQL<unknown> | Placeholder<string, any>; id?: string | SQL<unknown> | Placeholder<string, any> | undefined; created_at?: SQL<unknown> | Date | Placeholder<...> | undefined; updated_at?: SQL<...> | ... 2 more ... | undefined; description?: string | ... 3 more ... | undefined; }[]): PgInsertBase<...>', gave the following error.
    Argument of type '{}' is not assignable to parameter of type '{ name: string | SQL<unknown> | Placeholder<string, any>; id?: string | SQL<unknown> | Placeholder<string, any> | undefined; created_at?: SQL<unknown> | Date | Placeholder<...> | undefined; updated_at?: SQL<...> | ... 2 more ... | undefined; description?: string | ... 3 more ... | undefined; }[]'.
      Type '{}' is missing the following properties from type '{ name: string | SQL<unknown> | Placeholder<string, any>; id?: string | SQL<unknown> | Placeholder<string, any> | undefined; created_at?: SQL<unknown> | Date | Placeholder<...> | undefined; updated_at?: SQL<...> | ... 2 more ... | undefined; description?: string | ... 3 more ... | undefined; }[]': length, pop, push, concat, and 35 more.
server/repositories/task-status-history.repository.ts(71,5): error TS2322: Type '{ id: string; taskId: string; userId: string; fromStatus: "Completed" | "READY_FOR_QA" | "IN_EXECUTION" | "ToDo" | "InProgress" | "Blocked" | null; toStatus: "Completed" | "READY_FOR_QA" | "IN_EXECUTION" | "ToDo" | "InProgress" | "Blocked"; changedAt: Date; notes: string | null; user: { ...; }; }[]' is not assignable to type '({ id: string; userId: string; notes: string | null; taskId: string; fromStatus: "Completed" | "READY_FOR_QA" | "IN_EXECUTION" | "ToDo" | "InProgress" | "Blocked" | null; toStatus: "Completed" | ... 4 more ... | "Blocked"; changedAt: Date; } & { ...; })[]'.
  Type '{ id: string; taskId: string; userId: string; fromStatus: "Completed" | "READY_FOR_QA" | "IN_EXECUTION" | "ToDo" | "InProgress" | "Blocked" | null; toStatus: "Completed" | "READY_FOR_QA" | "IN_EXECUTION" | "ToDo" | "InProgress" | "Blocked"; changedAt: Date; notes: string | null; user: { ...; }; }' is not assignable to type '{ id: string; userId: string; notes: string | null; taskId: string; fromStatus: "Completed" | "READY_FOR_QA" | "IN_EXECUTION" | "ToDo" | "InProgress" | "Blocked" | null; toStatus: "Completed" | ... 4 more ... | "Blocked"; changedAt: Date; } & { ...; }'.
    Type '{ id: string; taskId: string; userId: string; fromStatus: "Completed" | "READY_FOR_QA" | "IN_EXECUTION" | "ToDo" | "InProgress" | "Blocked" | null; toStatus: "Completed" | "READY_FOR_QA" | "IN_EXECUTION" | "ToDo" | "InProgress" | "Blocked"; changedAt: Date; notes: string | null; user: { ...; }; }' is not assignable to type '{ user: { id: string; name: string; }; }'.
      The types of 'user.name' are incompatible between these types.
        Type 'string | null' is not assignable to type 'string'.
          Type 'null' is not assignable to type 'string'.
server/repositories/task-status-history.repository.ts(128,7): error TS2322: Type '{ id: string; taskId: string; userId: string; fromStatus: "Completed" | "READY_FOR_QA" | "IN_EXECUTION" | "ToDo" | "InProgress" | "Blocked" | null; toStatus: "Completed" | "READY_FOR_QA" | "IN_EXECUTION" | "ToDo" | "InProgress" | "Blocked"; changedAt: Date; notes: string | null; task: { ...; }; user: { ...; }; }[]' is not assignable to type '({ id: string; userId: string; notes: string | null; taskId: string; fromStatus: "Completed" | "READY_FOR_QA" | "IN_EXECUTION" | "ToDo" | "InProgress" | "Blocked" | null; toStatus: "Completed" | ... 4 more ... | "Blocked"; changedAt: Date; } & { ...; })[]'.
  Type '{ id: string; taskId: string; userId: string; fromStatus: "Completed" | "READY_FOR_QA" | "IN_EXECUTION" | "ToDo" | "InProgress" | "Blocked" | null; toStatus: "Completed" | "READY_FOR_QA" | "IN_EXECUTION" | "ToDo" | "InProgress" | "Blocked"; changedAt: Date; notes: string | null; task: { ...; }; user: { ...; }; }' is not assignable to type '{ id: string; userId: string; notes: string | null; taskId: string; fromStatus: "Completed" | "READY_FOR_QA" | "IN_EXECUTION" | "ToDo" | "InProgress" | "Blocked" | null; toStatus: "Completed" | ... 4 more ... | "Blocked"; changedAt: Date; } & { ...; }'.
    Type '{ id: string; taskId: string; userId: string; fromStatus: "Completed" | "READY_FOR_QA" | "IN_EXECUTION" | "ToDo" | "InProgress" | "Blocked" | null; toStatus: "Completed" | "READY_FOR_QA" | "IN_EXECUTION" | "ToDo" | "InProgress" | "Blocked"; changedAt: Date; notes: string | null; task: { ...; }; user: { ...; }; }' is not assignable to type '{ task: { id: string; title: string; ownerUserId: string; assignedToUserId: string | null; }; user: { id: string; name: string; }; }'.
      The types of 'user.name' are incompatible between these types.
        Type 'string | null' is not assignable to type 'string'.
          Type 'null' is not assignable to type 'string'.
server/repositories/task-status-history.repository.ts(131,5): error TS2322: Type '{ id: string; taskId: string; userId: string; fromStatus: "Completed" | "READY_FOR_QA" | "IN_EXECUTION" | "ToDo" | "InProgress" | "Blocked" | null; toStatus: "Completed" | "READY_FOR_QA" | "IN_EXECUTION" | "ToDo" | "InProgress" | "Blocked"; changedAt: Date; notes: string | null; task: { ...; }; user: { ...; }; }[]' is not assignable to type '({ id: string; userId: string; notes: string | null; taskId: string; fromStatus: "Completed" | "READY_FOR_QA" | "IN_EXECUTION" | "ToDo" | "InProgress" | "Blocked" | null; toStatus: "Completed" | ... 4 more ... | "Blocked"; changedAt: Date; } & { ...; })[]'.
  Type '{ id: string; taskId: string; userId: string; fromStatus: "Completed" | "READY_FOR_QA" | "IN_EXECUTION" | "ToDo" | "InProgress" | "Blocked" | null; toStatus: "Completed" | "READY_FOR_QA" | "IN_EXECUTION" | "ToDo" | "InProgress" | "Blocked"; changedAt: Date; notes: string | null; task: { ...; }; user: { ...; }; }' is not assignable to type '{ id: string; userId: string; notes: string | null; taskId: string; fromStatus: "Completed" | "READY_FOR_QA" | "IN_EXECUTION" | "ToDo" | "InProgress" | "Blocked" | null; toStatus: "Completed" | ... 4 more ... | "Blocked"; changedAt: Date; } & { ...; }'.
    Type '{ id: string; taskId: string; userId: string; fromStatus: "Completed" | "READY_FOR_QA" | "IN_EXECUTION" | "ToDo" | "InProgress" | "Blocked" | null; toStatus: "Completed" | "READY_FOR_QA" | "IN_EXECUTION" | "ToDo" | "InProgress" | "Blocked"; changedAt: Date; notes: string | null; task: { ...; }; user: { ...; }; }' is not assignable to type '{ task: { id: string; title: string; ownerUserId: string; assignedToUserId: string | null; }; user: { id: string; name: string; }; }'.
      The types of 'user.name' are incompatible between these types.
        Type 'string | null' is not assignable to type 'string'.
          Type 'null' is not assignable to type 'string'.
server/repositories/task-time-logs.repository.ts(99,5): error TS2322: Type '{ id: string; taskId: string; userId: string; timeSpentMinutes: number; description: string | null; logDate: Date; createdAt: Date; user: { id: string; name: string | null; }; }[]' is not assignable to type '({ id: string; createdAt: Date; userId: string; description: string | null; taskId: string; timeSpentMinutes: number; logDate: Date; } & { user: { id: string; name: string; }; })[]'.
  Type '{ id: string; taskId: string; userId: string; timeSpentMinutes: number; description: string | null; logDate: Date; createdAt: Date; user: { id: string; name: string | null; }; }' is not assignable to type '{ id: string; createdAt: Date; userId: string; description: string | null; taskId: string; timeSpentMinutes: number; logDate: Date; } & { user: { id: string; name: string; }; }'.
    Type '{ id: string; taskId: string; userId: string; timeSpentMinutes: number; description: string | null; logDate: Date; createdAt: Date; user: { id: string; name: string | null; }; }' is not assignable to type '{ user: { id: string; name: string; }; }'.
      The types of 'user.name' are incompatible between these types.
        Type 'string | null' is not assignable to type 'string'.
          Type 'null' is not assignable to type 'string'.
server/repositories/task-time-logs.repository.ts(193,7): error TS2322: Type '{ id: string; taskId: string; userId: string; timeSpentMinutes: number; description: string | null; logDate: Date; createdAt: Date; task: { id: string; title: string; ownerUserId: string; assignedToUserId: string | null; }; user: { ...; }; }[]' is not assignable to type '({ id: string; createdAt: Date; userId: string; description: string | null; taskId: string; timeSpentMinutes: number; logDate: Date; } & { task: { id: string; title: string; ownerUserId: string; assignedToUserId: string | null; }; user: { ...; }; })[]'.
  Type '{ id: string; taskId: string; userId: string; timeSpentMinutes: number; description: string | null; logDate: Date; createdAt: Date; task: { id: string; title: string; ownerUserId: string; assignedToUserId: string | null; }; user: { ...; }; }' is not assignable to type '{ id: string; createdAt: Date; userId: string; description: string | null; taskId: string; timeSpentMinutes: number; logDate: Date; } & { task: { id: string; title: string; ownerUserId: string; assignedToUserId: string | null; }; user: { ...; }; }'.
    Type '{ id: string; taskId: string; userId: string; timeSpentMinutes: number; description: string | null; logDate: Date; createdAt: Date; task: { id: string; title: string; ownerUserId: string; assignedToUserId: string | null; }; user: { ...; }; }' is not assignable to type '{ task: { id: string; title: string; ownerUserId: string; assignedToUserId: string | null; }; user: { id: string; name: string; }; }'.
      The types of 'user.name' are incompatible between these types.
        Type 'string | null' is not assignable to type 'string'.
          Type 'null' is not assignable to type 'string'.
server/repositories/task-time-logs.repository.ts(196,5): error TS2322: Type '{ id: string; taskId: string; userId: string; timeSpentMinutes: number; description: string | null; logDate: Date; createdAt: Date; task: { id: string; title: string; ownerUserId: string; assignedToUserId: string | null; }; user: { ...; }; }[]' is not assignable to type '({ id: string; createdAt: Date; userId: string; description: string | null; taskId: string; timeSpentMinutes: number; logDate: Date; } & { task: { id: string; title: string; ownerUserId: string; assignedToUserId: string | null; }; user: { ...; }; })[]'.
  Type '{ id: string; taskId: string; userId: string; timeSpentMinutes: number; description: string | null; logDate: Date; createdAt: Date; task: { id: string; title: string; ownerUserId: string; assignedToUserId: string | null; }; user: { ...; }; }' is not assignable to type '{ id: string; createdAt: Date; userId: string; description: string | null; taskId: string; timeSpentMinutes: number; logDate: Date; } & { task: { id: string; title: string; ownerUserId: string; assignedToUserId: string | null; }; user: { ...; }; }'.
    Type '{ id: string; taskId: string; userId: string; timeSpentMinutes: number; description: string | null; logDate: Date; createdAt: Date; task: { id: string; title: string; ownerUserId: string; assignedToUserId: string | null; }; user: { ...; }; }' is not assignable to type '{ task: { id: string; title: string; ownerUserId: string; assignedToUserId: string | null; }; user: { id: string; name: string; }; }'.
      The types of 'user.name' are incompatible between these types.
        Type 'string | null' is not assignable to type 'string'.
          Type 'null' is not assignable to type 'string'.
server/routes.ts(136,9): error TS2741: Property 'roles' is missing in type '{ userId: string; email: string; roleId: string; branch: string; country: string; }' but required in type 'TokenPayload'.
server/sales-routes.ts(3000,61): error TS2551: Property 'date_time' does not exist on type '{ serviceCode: string; subServiceCode: string; serviceId: string | undefined; subServiceId: string | undefined; purpose: string; grade: string; method: string; comment: string; note: string; dateTime: string | undefined; talkTimeMinutes: number | null; attachments: { ...; }[]; }'. Did you mean 'dateTime'?
server/sales-routes.ts(3000,81): error TS2339: Property 'date' does not exist on type '{ serviceCode: string; subServiceCode: string; serviceId: string | undefined; subServiceId: string | undefined; purpose: string; grade: string; method: string; comment: string; note: string; dateTime: string | undefined; talkTimeMinutes: number | null; attachments: { ...; }[]; }'.
server/seed-settings.ts(214,15): error TS2769: No overload matches this call.
  Overload 1 of 2, '(value: { key: string | SQL<unknown> | Placeholder<string, any>; value_json: unknown; id?: string | SQL<unknown> | Placeholder<string, any> | undefined; created_at?: SQL<...> | ... 2 more ... | undefined; updated_at?: SQL<...> | ... 2 more ... | undefined; description?: string | ... 3 more ... | undefined; }): PgInsertBase<...>', gave the following error.
    Argument of type '{ key: string; title: string; contentHtml: string; type: "numericRange"; minValue: number; maxValue: number; } | { key: string; title: string; contentHtml: string; type: "text"; minValue: null; maxValue: null; }' is not assignable to parameter of type '{ key: string | SQL<unknown> | Placeholder<string, any>; value_json: unknown; id?: string | SQL<unknown> | Placeholder<string, any> | undefined; created_at?: SQL<unknown> | Date | Placeholder<...> | undefined; updated_at?: SQL<...> | ... 2 more ... | undefined; description?: string | ... 3 more ... | undefined; }'.
      Property 'value_json' is missing in type '{ key: string; title: string; contentHtml: string; type: "numericRange"; minValue: number; maxValue: number; }' but required in type '{ key: string | SQL<unknown> | Placeholder<string, any>; value_json: unknown; id?: string | SQL<unknown> | Placeholder<string, any> | undefined; created_at?: SQL<unknown> | Date | Placeholder<...> | undefined; updated_at?: SQL<...> | ... 2 more ... | undefined; description?: string | ... 3 more ... | undefined; }'.
  Overload 2 of 2, '(values: { key: string | SQL<unknown> | Placeholder<string, any>; value_json: unknown; id?: string | SQL<unknown> | Placeholder<string, any> | undefined; created_at?: SQL<...> | ... 2 more ... | undefined; updated_at?: SQL<...> | ... 2 more ... | undefined; description?: string | ... 3 more ... | undefined; }[]): PgInsertBase<...>', gave the following error.
    Argument of type '{ key: string; title: string; contentHtml: string; type: "numericRange"; minValue: number; maxValue: number; } | { key: string; title: string; contentHtml: string; type: "text"; minValue: null; maxValue: null; }' is not assignable to parameter of type '{ key: string | SQL<unknown> | Placeholder<string, any>; value_json: unknown; id?: string | SQL<unknown> | Placeholder<string, any> | undefined; created_at?: SQL<unknown> | Date | Placeholder<...> | undefined; updated_at?: SQL<...> | ... 2 more ... | undefined; description?: string | ... 3 more ... | undefined; }[]'.
      Type '{ key: string; title: string; contentHtml: string; type: "numericRange"; minValue: number; maxValue: number; }' is missing the following properties from type '{ key: string | SQL<unknown> | Placeholder<string, any>; value_json: unknown; id?: string | SQL<unknown> | Placeholder<string, any> | undefined; created_at?: SQL<unknown> | Date | Placeholder<...> | undefined; updated_at?: SQL<...> | ... 2 more ... | undefined; description?: string | ... 3 more ... | undefined; }[]': length, pop, push, concat, and 35 more.
server/seed-settings.ts(218,11): error TS2353: Object literal may only specify known properties, and 'title' does not exist in type 'PgUpdateSetSource<PgTableWithColumns<{ name: "policies"; schema: undefined; columns: { id: PgColumn<{ name: "id"; tableName: "policies"; dataType: "string"; columnType: "PgVarchar"; data: string; driverParam: string; notNull: true; hasDefault: true; ... 6 more ...; generated: undefined; }, {}, { ...; }>; ... 4 more ...'.
server/seed-settings.ts(274,15): error TS2769: No overload matches this call.
  Overload 1 of 2, '(value: { ip_cidr: string | SQL<unknown> | Placeholder<string, any>; id?: string | SQL<unknown> | Placeholder<string, any> | undefined; is_active?: boolean | SQL<...> | Placeholder<...> | undefined; created_at?: SQL<...> | ... 2 more ... | undefined; updated_at?: SQL<...> | ... 2 more ... | undefined; description?: string | ... 3 more ... | undefined; }): PgInsertBase<...>', gave the following error.
    Argument of type '{ ip: string; location: string; browser: string; userName: string; createdByUserId: string; }' is not assignable to parameter of type '{ ip_cidr: string | SQL<unknown> | Placeholder<string, any>; id?: string | SQL<unknown> | Placeholder<string, any> | undefined; is_active?: boolean | SQL<...> | Placeholder<...> | undefined; created_at?: SQL<...> | ... 2 more ... | undefined; updated_at?: SQL<...> | ... 2 more ... | undefined; description?: string |...'.
      Property 'ip_cidr' is missing in type '{ ip: string; location: string; browser: string; userName: string; createdByUserId: string; }' but required in type '{ ip_cidr: string | SQL<unknown> | Placeholder<string, any>; id?: string | SQL<unknown> | Placeholder<string, any> | undefined; is_active?: boolean | SQL<...> | Placeholder<...> | undefined; created_at?: SQL<...> | ... 2 more ... | undefined; updated_at?: SQL<...> | ... 2 more ... | undefined; description?: string |...'.
  Overload 2 of 2, '(values: { ip_cidr: string | SQL<unknown> | Placeholder<string, any>; id?: string | SQL<unknown> | Placeholder<string, any> | undefined; is_active?: boolean | SQL<...> | Placeholder<...> | undefined; created_at?: SQL<...> | ... 2 more ... | undefined; updated_at?: SQL<...> | ... 2 more ... | undefined; description?: string | ... 3 more ... | undefined; }[]): PgInsertBase<...>', gave the following error.
    Argument of type '{ ip: string; location: string; browser: string; userName: string; createdByUserId: string; }' is not assignable to parameter of type '{ ip_cidr: string | SQL<unknown> | Placeholder<string, any>; id?: string | SQL<unknown> | Placeholder<string, any> | undefined; is_active?: boolean | SQL<...> | Placeholder<...> | undefined; created_at?: SQL<...> | ... 2 more ... | undefined; updated_at?: SQL<...> | ... 2 more ... | undefined; description?: string |...'.
      Type '{ ip: string; location: string; browser: string; userName: string; createdByUserId: string; }' is missing the following properties from type '{ ip_cidr: string | SQL<unknown> | Placeholder<string, any>; id?: string | SQL<unknown> | Placeholder<string, any> | undefined; is_active?: boolean | SQL<...> | Placeholder<...> | undefined; created_at?: SQL<...> | ... 2 more ... | undefined; updated_at?: SQL<...> | ... 2 more ... | undefined; description?: string |...': length, pop, push, concat, and 35 more.
server/seed-settings.ts(276,28): error TS2339: Property 'ip' does not exist on type 'PgTableWithColumns<{ name: "allowed_ips"; schema: undefined; columns: { id: PgColumn<{ name: "id"; tableName: "allowed_ips"; dataType: "string"; columnType: "PgVarchar"; data: string; driverParam: string; notNull: true; ... 7 more ...; generated: undefined; }, {}, { ...; }>; ... 4 more ...; updated_at: PgColumn<...>...'.
server/seed-settings.ts(278,11): error TS2353: Object literal may only specify known properties, and 'location' does not exist in type 'PgUpdateSetSource<PgTableWithColumns<{ name: "allowed_ips"; schema: undefined; columns: { id: PgColumn<{ name: "id"; tableName: "allowed_ips"; dataType: "string"; columnType: "PgVarchar"; data: string; driverParam: string; notNull: true; ... 7 more ...; generated: undefined; }, {}, { ...; }>; ... 4 more ...; updated...'.
server/settings-routes.ts(182,62): error TS2339: Property 'key' does not exist on type '{}'.
server/settings.middleware.ts(73,11): error TS18047: 'client' is possibly 'null'.
server/settings.middleware.ts(75,37): error TS18047: 'client' is possibly 'null'.
server/settings.middleware.ts(104,10): error TS18048: 'matching' is possibly 'undefined'.
server/settings.middleware.ts(104,39): error TS18048: 'matching' is possibly 'undefined'.
server/settings.middleware.ts(109,27): error TS18048: 'matching' is possibly 'undefined'.
server/settings.middleware.ts(109,69): error TS18048: 'user' is possibly 'undefined'.
server/settings.middleware.ts(117,34): error TS18048: 'user' is possibly 'undefined'.
server/settings.middleware.ts(117,114): error TS18048: 'matching' is possibly 'undefined'.
server/settings.middleware.ts(132,22): error TS2339: Property 'query' does not exist on type 'never'.
server/settings.middleware.ts(133,16): error TS2339: Property 'release' does not exist on type 'never'.
server/storage.ts(38,7): error TS2322: Type 'string | null | undefined' is not assignable to type 'string | null'.
  Type 'undefined' is not assignable to type 'string | null'.
shared/schema.ts(1007,3): error TS2322: Type 'boolean' is not assignable to type 'never'.
shared/schema.ts(1018,3): error TS2322: Type 'boolean' is not assignable to type 'never'.
shared/schema.ts(1019,3): error TS2322: Type 'boolean' is not assignable to type 'never'.
shared/schema.ts(1024,3): error TS2322: Type 'boolean' is not assignable to type 'never'.
shared/schema.ts(1416,3): error TS2322: Type 'boolean' is not assignable to type 'never'.
src/scripts/seed.ts(203,25): error TS2677: A type predicate's type must be assignable to its parameter's type.
  Type '{ id: string; module: string; action: string; }' is not assignable to type 'void'.
src/scripts/seed.ts(203,77): error TS1345: An expression of type 'void' cannot be tested for truthiness.
src/scripts/seed.ts(204,25): error TS2339: Property 'module' does not exist on type 'void'.
src/scripts/seed.ts(204,37): error TS2339: Property 'action' does not exist on type 'void'.
src/scripts/seed.ts(204,49): error TS2339: Property 'id' does not exist on type 'void'.
